
 Start  Stop   Length Name                   Class
 00000H 02755H 02756H _TEXT                  CODE
 02756H 05D8EH 03639H _GR_TEXT               CODE
 05D90H 05D91H 00002H EMULATOR_TEXT          CODE
 05D92H 05D92H 00000H C_ETEXT                ENDCODE
 05DA0H 05DA0H 00000H EMULATOR_DATA          FAR_DATA
 05DA0H 05DE1H 00042H NULL                   BEGDATA
 05DE2H 063CFH 005EEH _DATA                  DATA
 063D0H 063D0H 00000H XIFB                   DATA
 063D0H 063D3H 00004H XIF                    DATA
 063D4H 063D4H 00000H XIFE                   DATA
 063D4H 063D4H 00000H XCFB                   DATA
 063D4H 063D7H 00004H XCF                    DATA
 063D8H 063D8H 00000H XCFE                   DATA
 063D8H 063E5H 0000EH DBDATA                 DATA
 063E6H 063E7H 00002H XIQC                   DATA
 063E8H 063F5H 0000EH CDATA                  DATA
 063F6H 063F6H 00000H XIB                    DATA
 063F6H 063F7H 00002H XI                     DATA
 063F8H 063F8H 00000H XIE                    DATA
 063F8H 063F8H 00000H XPB                    DATA
 063F8H 063F9H 00002H XP                     DATA
 063FAH 063FAH 00000H XPE                    DATA
 063FAH 063FAH 00000H XCB                    DATA
 063FAH 063FAH 00000H XC                     DATA
 063FAH 063FAH 00000H XCE                    DATA
 063FAH 06401H 00008H CONST                  CONST
 06402H 06409H 00008H HDR                    MSG
 0640AH 064DFH 000D6H MSG                    MSG
 064E0H 064E1H 00002H PAD                    MSG
 064E2H 064E2H 00001H EPAD                   MSG
 064E4H 06685H 001A2H _BSS                   BSS
 06686H 06686H 00000H XOB                    BSS
 06686H 06686H 00000H XO                     BSS
 06686H 06686H 00000H XOE                    BSS
 06690H 0694DH 002BEH c_common               BSS
 06950H 0714FH 00800H STACK                  STACK

 Origin   Group
 05DA:0   DGROUP

  Address         Publics by Name

 05DA:07A9       $LINE_DRAWN
 05DA:0747       $_arc_info_fValid
 05DA:0788       $_bkg_color
 05DA:0799       $_BKG_MASK
 0000:2C64       $_ChkRows
 05DA:0784       $_current_x
 05DA:0786       $_current_y
 05DA:024E       $_cursor_enabled
 05DA:07B9       $_cursor_on_screen
 0000:5390       $_EnsScrSwap
 05DA:0790       $_fill_mask
 05DA:0798       $_fill_mask_p
 0000:2CC2       $_FixMaxPage
 0000:3993       $_FixTextPage
 0000:2880       $_fix_text_position
 0000:2EF2       $_home_cursor
 0000:2A7A       $_init_max
 0000:2CF2       $_init_mode
 0000:30DF       $_limit
 05DA:078E       $_line_style_mask
 0000:313C       $_map_cursor
 0000:0013  Abs  $_MaxBiosMode
 05DA:01CC       $_new_height
 05DA:07B7       $_off_screen
 05DA:07BA       $_old_mode
 0000:2E1A       $_qcg_enter
 0000:2E3B       $_qcg_exit
 0000:3199       $_scroll
 0000:284C       $_scroll_window
 0000:3034       $_select_palette
 0000:2C31       $_SetRows
 0000:2F3E       $_set_bk_color
 0000:2F1A       $_set_color
 0000:2FD1       $_set_text_color
 0000:291A       $_set_text_position
 05DA:078D       $_text_attrib
 05DA:07AD       $_text_column
 05DA:07B5       $_text_max_col
 05DA:07B3       $_text_max_row
 05DA:07B1       $_text_org_col
 05DA:07AF       $_text_org_row
 05DA:07AB       $_text_row
 0000:2EFB       $_text_set_cursor
 05DA:07B8       $_text_wrap_p
 05DA:078C       $_txt_fg_color
 0000:3117       $_unmap_cursor
 0000:30F7       $_update_text_cursor
 05DA:01E6       b$ActPage
 05DA:0755       b$Adapter
 05DA:075C       b$AddrC
 05DA:021A       b$Aspect
 05DA:021C       b$AspectInv
 05DA:0889       b$ASPECTR
 05DA:075B       b$AttrC
 05DA:01E9       b$BiosMode
 05DA:020F       b$BitsPerPixel
 05DA:077A       b$BorderColor
 05DA:07BC       b$Buf1
 0000:355C       B$BumpDS
 0000:3566       B$BumpES
 05DA:01EA       b$Burst
 05DA:0211       b$BytesPerRow
 05DA:088B       B$CENCNT
 0000:517C       B$CgaChkDownC
 0000:5153       B$CgaChkUpC
 0000:5193       B$CgaDownC
 05DA:0754       b$CgaInfo
 0000:5146       B$CgaLeftC1
 0000:5142       B$CgaLeftC2
 0000:50EB       B$CgaLineV
 0000:5002       B$CgaLineX
 0000:5097       B$CgaLineY
 0000:4CB1       B$CgaNReadL
 0000:4D39       B$CgaNSetC
 0000:4CD7       B$CgaNWriteL
 0000:51A5       B$CgaPaintBound
 0000:4C7C       B$CgaPutAction
 0000:4C21       B$CgaReadC
 0000:4E54       B$CgaScanL
 0000:4EE8       B$CgaScanR
 0000:4BD6       B$CgaSetAttr
 0000:4C3C       B$CgaSetC
 0000:4BE1       B$CgaSetPages
 0000:4C4D       B$CgaSetPixC
 0000:4C63       B$CgaSetPixFirstC
 0000:4C67       B$CgaSetPixLastC
 0000:4DF7       B$CgaSetTile
 0000:516A       B$CgaUpC
 05DA:0226       b$ChkDownC
 0000:33AA       B$ChkMonitor
 0000:366F       B$ChkOlivetti
 05DA:0222       b$ChkUpC
 0000:339A       B$ChkVGA
 05DA:0888       B$CLINEF
 0000:3824       B$CLIPCK
 05DA:088D       B$CNPNTS
 0000:5C5A       b$ColorPalette
 05DA:0892       B$COPTFL
 05DA:0891       B$CPLOTF
 0000:3477       B$CSRDSP
 05DA:01E4       b$CSRTYP
 05DA:088F       B$CSTCNT
 05DA:01E6       b$CurPages
 05DA:01F6       b$CurrPSize
 0000:3570       B$DecDS
 05DA:0217       b$DivShift
 05DA:0854       b$DnSub
 0000:377E       B$DOBOXF
 05DA:0228       b$DownC
 0000:58F1       B$EgaCHKBTL
 0000:58D7       B$EgaCHKBTR
 0000:53F2       B$EgaChkDownC
 0000:53DE       B$EgaChkUpC
 0000:53FD       B$EgaDownC
 0000:53D2       B$EgaLeftC
 0000:53D9       B$EgaLeftC_13
 0000:5522       B$EgaLineV
 0000:54BA       B$EgaLineX
 0000:54F9       B$EgaLineY
 0000:53A8       B$EgaMapXYC
 0000:539E       B$EgaMapXYC_D
 0000:5572       B$EgaNReadL
 0000:5570       B$EgaNReadL_F
 0000:563D       B$EgaNSetC
 0000:55A7       B$EgaNWriteL
 0000:55A2       B$EgaNWriteL_F
 0000:57AA       B$EgaPAINPX
 0000:56F3       B$EgaPaintBound
 0000:56D6       B$EgaPaintBound_11
 0000:56E4       B$EgaPaintBound_D
 05DA:08CA       b$EgaPalette
 0000:5CB7       B$EgaPalPut
 0000:5CBE       B$EgaPalPutB
 0000:5C80       B$EgaPalReset
 0000:5C87       B$EgaPalResetB
 0000:5D47       B$EgaPalSet
 05DA:0750       b$EgaPalSup
 0000:5CEC       B$EgaPalTrans
 0000:58B4       B$EgaPIXCNT
 0000:554A       B$EgaPutAction
 0000:5544       B$EgaPutAction_64K
 0000:5547       B$EgaPutAction_F
 0000:5416       B$EgaReadC
 0000:5455       B$EgaReadC_64K
 0000:544A       B$EgaReadC_F
 0000:5788       B$EgaScanInit
 0000:5AF4       B$EgaScanL
 0000:5BAA       B$EgaScanR
 0000:5406       B$EgaSetAttr
 0000:5466       B$EgaSetC
 0000:58BF       B$EgaSETCMP
 0000:5492       B$EgaSetPixC
 0000:54A6       B$EgaSetPixFirstC
 0000:5766       B$EgaSetTile
 0000:59DB       B$EgaTILLFT
 0000:593F       B$EgaTILRGT
 0000:53E9       B$EgaUpC
 05DA:01FA       b$EgaWrMd
 0000:5C6A       b$EnhPalette
 0000:34B6       B$ErrorReturn
 0000:36DA       B$FastOutStr
 05DA:01F9       b$FBColors
 05DA:01F9       b$ForeColor
 05DA:065A       b$FP_1
 05DA:065E       b$FP_256
 0000:342A       B$GETCSRDATA
 05DA:087E       B$GRFACX
 05DA:0882       B$GRFACY
 0000:33FA       B$GRMODE
 05DA:0872       B$GRPACX
 05DA:0874       B$GRPACY
 05DA:089C       B$GRPLAN
 0000:537D       B$GRPRST
 0000:33EF       B$GrScreenSize
 05DA:087A       B$GXPOS
 05DA:0876       B$GX_OLD
 05DA:087C       B$GYPOS
 05DA:0878       B$GY_OLD
 05DA:01ED       b$HorzRes
 05DA:0766       b$Incr1
 05DA:0768       b$Incr2
 05DA:076A       b$IncrY
 0000:34B8       B$InitModeData
 05DA:01FB       b$InitPalette
 05DA:01FF       b$InitVgaPal
 05DA:0220       b$LeftC
 05DA:0776       B$LEOFST
 05DA:023A       b$LineV
 05DA:0236       b$LineX
 05DA:0238       b$LineY
 05DA:0886       B$LINSTL
 0000:34ED       B$MapVWC
 05DA:021E       b$MapXYC
 0000:4BEB       B$MapXYC2
 0000:4C01       B$MapXYC2_4
 05DA:075A       b$MaskC
 05DA:0213       b$MaskLeft
 05DA:0214       b$MaskRight
 05DA:01F3       b$MaxAttr
 05DA:01F4       b$MaxColor
 05DA:01F8       b$MaxPage
 0000:3962       B$Mode0
 0000:3972       B$Mode1
 0000:3977       B$Mode2
 0000:4BCE       b$Mode2Palette
 0000:4BD0       b$Mode2VgaPal
 0000:397F       B$Mode3
 0000:3B41       B$Mode4
 0000:3B3C       B$Mode5
 0000:3984       B$Mode7
 05DA:01E9       b$ModeBurst
 05DA:01E8       b$ModeData
 05DA:0218       b$ModMask
 05DA:0756       b$Monitor
 0000:2D53       B$NearRet
 0000:0F80       B$NearRetText
 05DA:023E       b$NReadL
 05DA:0242       b$NSetC
 05DA:0240       b$NWriteL
 05DA:075C       b$OffC
 0000:3474       B$OFFCSR
 05DA:01E0       b$OrgBiosMode
 05DA:01DE       b$OrgCsrTyp
 05DA:01E2       b$orglen
 0000:357A       B$OutWord
 0000:346F       B$OVWCSR
 05DA:01F5       b$PageSize
 05DA:083C       b$PageTable
 05DA:0760       b$PaintBorder
 05DA:0244       b$PaintBound
 05DA:0209       b$PalPut
 05DA:0207       b$PalReset
 05DA:020D       b$PalSet
 05DA:020B       b$PalTrans
 05DA:075A       b$PenC
 05DA:0215       b$PixelsPerByte
 05DA:0765       b$PlaneMask
 05DA:0210       b$Planes
 05DA:089E       B$PQGET
 05DA:08A4       B$PQLEN
 05DA:08A2       B$PQNUM
 05DA:08A0       B$PQPUT
 05DA:023C       b$PutAction
 05DA:024C       b$PutVector
 05DA:022C       b$ReadC
 05DA:0778       B$REOFST
 0000:3581       B$ResetEGA
 05DA:0762       b$SaveCa
 05DA:0764       b$SaveCm
 05DA:0248       b$ScanL
 05DA:024A       b$ScanR
 0000:33E6       B$SCNIO
 0000:3F50       B$Screen10
 0000:47F5       B$Screen11
 0000:481A       B$Screen12
 0000:4833       B$Screen13
 0000:3B7B       B$Screen2
 0000:5232       B$Screen3
 0000:362A       B$Screen4
 0000:3F10       B$Screen7
 0000:3F15       B$Screen8
 0000:3F21       B$Screen9
 0000:31AA       B$ScreenInit
 05DA:01E8       b$ScreenMode
 05DA:0190       b$ScreenX
 05DA:01EC       b$ScrHeight
 05DA:01EB       b$ScrWidth
 05DA:075E       b$SegC
 0000:3406       B$SELAPG
 0000:3400       B$SELVPG
 05DA:022A       b$SetAttr
 05DA:022E       b$SetC
 05DA:0203       b$SetMode
 05DA:0205       b$SetPages
 05DA:0230       b$SetPixC
 05DA:0232       b$SetPixFirstC
 05DA:0234       b$SetPixLastC
 05DA:0246       b$SetTile
 05DA:0894       B$TILFLG
 05DA:089A       B$TILHGT
 05DA:0761       b$Tiling
 05DA:0897       B$TILLEN
 05DA:0898       B$TILLOC
 05DA:0896       B$TILNDX
 05DA:089B       B$TILPTR
 05DA:0895       B$TIPROG
 05DA:0224       b$UpC
 05DA:0856       b$UpDnAdd
 05DA:0852       b$UpSub
 05DA:01DC       b$UsrCsrTyp
 05DA:076E       B$VBOFST
 05DA:01EF       b$VertRes
 0000:5327       B$VEWINI
 05DA:074E       b$VGAmodesH
 0000:44F5       b$VgaPalette
 0000:48BF       B$VgaPalPut
 0000:487C       B$VgaPalReset
 0000:48E4       B$VgaPalTrans11
 05DA:01F1       b$VideoBase
 05DA:0757       b$VideoMem
 05DA:08A9       B$VIEWSC
 05DA:08A8       B$VIEWSW
 05DA:01E7       b$VisPage
 05DA:0774       B$VLMASK
 05DA:0770       B$VLOFST
 05DA:0775       B$VRMASK
 05DA:0772       B$VROFST
 05DA:076C       B$VTOFST
 0000:3760       B$VWFILL
 0000:530B       B$VWINI
 0000:5354       B$VWMAPC
 05DA:086E       B$VXDIF
 05DA:0864       B$VXMAX
 05DA:0862       B$VXMIN
 05DA:086A       B$VXOFF
 05DA:085E       B$VXSIZ
 05DA:0870       B$VYDIF
 05DA:0868       B$VYMAX
 05DA:0866       B$VYMIN
 05DA:086C       B$VYOFF
 05DA:0860       B$VYSIZ
 05DA:08A7       B$WNDWSC
 05DA:08A6       B$WNDWSW
 05DA:074F       b$WriteMode
 0000:387E       B$XDELT
 0000:3889       B$YDELT
 05DA:02C2       STKHQQ
 05DA:08F0       _abarPerm
 05DA:0B4C       _abarWork
 05DA:0136       _aszMenu
 0000:24C4       _atol
 0000:0E5D       _Beep
 0000:08C0       _BubbleSort
 05DA:0B48       _clFinish
 0000:137E       _clock
 05DA:0132       _clPause
 05DA:0BA6       _clStart
 05DA:0BA2       _cRow
 05DA:0160       _cszMenu
 05DA:05D6       _daylight
 0000:06C8       _DrawBar
 0000:01DB       _DrawFrame
 0000:0491       _DrawTime
 05DA:0744       _edata
 05DA:0BB0       _end
 05DA:02B1       _environ
 05DA:028A       _errno
 0000:0B2C       _ExchangeSort
 0000:1152       _exit
 0000:2522       _fflush
 0000:2594       _flushall
 05DA:0B46       _fSound
 0000:1D4E       _ftime
 0000:1292       _getch
 0000:128E       _getche
 0000:24C8       _getenv
 0000:095B       _HeapSort
 05DA:0BAA       _iCompares
 05DA:0BAC       _iCurChoice
 0000:0554       _InitBars
 0000:005D       _InitMenu
 0000:1310       _inp
 0000:07E7       _InsertionSort
 05DA:0BA4       _iSwaps
 0000:1FD0       _lseek
 0000:0010       _main
 0000:239A       _malloc
 0000:13D4       _memset
 0000:131E       _outp
 0000:0A61       _PercolateDown
 0000:09E8       _PercolateUp
 05DA:0746       _qcg_status
 0000:0CD4       _QuickSort
 0000:1414       _rand
 0000:0672       _ReInitBars
 0000:02CC       _RunMenu
 0000:0BF4       _ShellSort
 0000:0F18       _Sleep
 0000:12BA       _sprintf
 0000:1402       _srand
 0000:2388       _stackavail
 0000:123A       _strcpy
 0000:2630       _strlen
 0000:264C       _strncmp
 0000:249C       _strncpy
 0000:075B       _SwapBars
 0000:0794       _Swaps
 0000:132C       _time
 05DA:05D2       _timezone
 0000:1278       _toupper
 05DA:05D8       _tzname
 0000:2198       _tzset
 0000:204A       _write
 05DA:02C0       __aaltstkovr
 05DA:026E       __acfinfo
 0000:9876  Abs  __acrtmsg
 0000:9876  Abs  __acrtused
 0000:D6D6  Abs  __aDBdoswp
 05DA:02D4       __adbgmsg
 05DA:0252       __aexit_rtn
 05DA:027C       __aintdiv
 05DA:062E       __amblksiz
 0000:1062       __amsg_exit
 0000:1222       __aNchkstk
 0000:143A       __aNldiv
 0000:1F38       __aNlmul
 05DA:0042       __anullsize
 0000:1F38       __aNulmul
 05DA:026A       __aseghi
 05DA:026C       __aseglo
 05DA:0254       __asizds
 05DA:0590       __asizeC
 05DA:0591       __asizeD
 0000:0F9A       __astart
 05DA:0250       __atopsp
 05DA:0946       __bufin
 0000:2686       __catox
 0000:1161       __cexit
 05DA:0580       __cfltcvt_tab
 05DA:062C       __cflush
 05DA:02C4       __chbuf
 05DA:02B8       __child
 0000:1222       __chkstk
 0000:1084       __cinit
 0000:1052       __cintDIV
 05DA:043C       __citime
 0000:2B5E       __clearscreen
 0000:11D3       __ctermsub
 05DA:033A       __ctype
 05DA:033A       __ctype_
 0000:116B       __c_exit
 0000:1081       __dataseg
 05DA:05AC       __days
 0000:2BC0       __displaycursor
 05DA:0295       __doserrno
 0000:2332       __dosret0
 0000:2347       __dosretax
 0000:233A       __dosreturn
 05DA:0292       __dosvermajor
 05DA:0293       __dosverminor
 0000:22FE       __dos_getdate
 0000:2318       __dos_gettime
 0000:1E42       __dtoxtime
 0000:5D90       __EmDataSeg
 0000:1159       __exit
 05DA:0280       __fac
 0000:14D4       __FF_MSGBANNER
 0000:247B       __findlast
 0000:1788       __flsbuf
 05DA:064A       __fpinit
 0000:14F4       __fptrap
 0000:2B51       __getbkcolor
 0000:1F8E       __getbuf
 0000:2B35       __gettextcolor
 0000:2BEB       __gettextcursor
 0000:2907       __gettextposition
 0000:2AC8       __getvideoconfig
 0000:239E       __growseg
 0000:2C2C       __grstatus
 0000:242A       __incseg
 0000:13C8       __inittime
 05DA:02BB       __intno
 05DA:043E       __iob
 05DA:04DE       __iob2
 0000:2234       __isindst
 05DA:057E       __lastiob
 05DA:0592       __lpdays
 0000:2354       __maperror
 0000:1F6A       __myalloc
 05DA:0297       __nfile
 0000:25E6       __nfree
 05DA:0256       __nheap_desc
 0000:2607       __nmalloc
 0000:1728       __NMSG_TEXT
 0000:1753       __NMSG_WRITE
 0000:14FA       __nullcheck
 05DA:0295       __oserr
 05DA:0299       __osfile
 05DA:0292       __osmajor
 05DA:0293       __osminor
 05DA:0294       __osmode
 05DA:0292       __osversion
 0000:279B       __outmem
 0000:1878       __output
 0000:2756       __outtext
 05DA:02BA       __ovlflag
 05DA:02BC       __ovlvec
 05DA:02B3       __pgmptr
 05DA:0290       __psp
 05DA:028E       __pspadr
 0000:2D54       __QCGINIT
 0000:26DA       __searchseg
 0000:151C       __setargv
 0000:2B3E       __setbkcolor
 0000:16AA       __setenvp
 0000:2B24       __settextcolor
 0000:2C01       __settextcursor
 0000:28E4       __settextposition
 0000:2A29       __settextrows
 0000:294F       __setvideomode
 0000:2944       __setvideomoderows
 05DA:058E       __sigintoff
 05DA:058C       __sigintseg
 0000:126C       __toupper
 05DA:028C       __umaskval
 05DA:063E       ___aDBexit
 05DA:0644       ___aDBptrchk
 05DA:063C       ___aDBrterr
 05DA:063A       ___aDBswpchk
 05DA:0638       ___aDBswpflg
 05DA:02AD       ___argc
 05DA:02AF       ___argv
 05DA:05DC       ___dnames
 05DA:05F2       ___mnames
 05DA:0646       ___qczrinit
 0000:2188       ___tzset

  Address         Publics by Value

 0000:0010       _main
 0000:0013  Abs  $_MaxBiosMode
 0000:005D       _InitMenu
 0000:01DB       _DrawFrame
 0000:02CC       _RunMenu
 0000:0491       _DrawTime
 0000:0554       _InitBars
 0000:0672       _ReInitBars
 0000:06C8       _DrawBar
 0000:075B       _SwapBars
 0000:0794       _Swaps
 0000:07E7       _InsertionSort
 0000:08C0       _BubbleSort
 0000:095B       _HeapSort
 0000:09E8       _PercolateUp
 0000:0A61       _PercolateDown
 0000:0B2C       _ExchangeSort
 0000:0BF4       _ShellSort
 0000:0CD4       _QuickSort
 0000:0E5D       _Beep
 0000:0F18       _Sleep
 0000:0F80       B$NearRetText
 0000:0F9A       __astart
 0000:1052       __cintDIV
 0000:1062       __amsg_exit
 0000:1081       __dataseg
 0000:1084       __cinit
 0000:1152       _exit
 0000:1159       __exit
 0000:1161       __cexit
 0000:116B       __c_exit
 0000:11D3       __ctermsub
 0000:1222       __aNchkstk
 0000:1222       __chkstk
 0000:123A       _strcpy
 0000:126C       __toupper
 0000:1278       _toupper
 0000:128E       _getche
 0000:1292       _getch
 0000:12BA       _sprintf
 0000:1310       _inp
 0000:131E       _outp
 0000:132C       _time
 0000:137E       _clock
 0000:13C8       __inittime
 0000:13D4       _memset
 0000:1402       _srand
 0000:1414       _rand
 0000:143A       __aNldiv
 0000:14D4       __FF_MSGBANNER
 0000:14F4       __fptrap
 0000:14FA       __nullcheck
 0000:151C       __setargv
 0000:16AA       __setenvp
 0000:1728       __NMSG_TEXT
 0000:1753       __NMSG_WRITE
 0000:1788       __flsbuf
 0000:1878       __output
 0000:1D4E       _ftime
 0000:1E42       __dtoxtime
 0000:1F38       __aNlmul
 0000:1F38       __aNulmul
 0000:1F6A       __myalloc
 0000:1F8E       __getbuf
 0000:1FD0       _lseek
 0000:204A       _write
 0000:2188       ___tzset
 0000:2198       _tzset
 0000:2234       __isindst
 0000:22FE       __dos_getdate
 0000:2318       __dos_gettime
 0000:2332       __dosret0
 0000:233A       __dosreturn
 0000:2347       __dosretax
 0000:2354       __maperror
 0000:2388       _stackavail
 0000:239A       _malloc
 0000:239E       __growseg
 0000:242A       __incseg
 0000:247B       __findlast
 0000:249C       _strncpy
 0000:24C4       _atol
 0000:24C8       _getenv
 0000:2522       _fflush
 0000:2594       _flushall
 0000:25E6       __nfree
 0000:2607       __nmalloc
 0000:2630       _strlen
 0000:264C       _strncmp
 0000:2686       __catox
 0000:26DA       __searchseg
 0000:2756       __outtext
 0000:279B       __outmem
 0000:284C       $_scroll_window
 0000:2880       $_fix_text_position
 0000:28E4       __settextposition
 0000:2907       __gettextposition
 0000:291A       $_set_text_position
 0000:2944       __setvideomoderows
 0000:294F       __setvideomode
 0000:2A29       __settextrows
 0000:2A7A       $_init_max
 0000:2AC8       __getvideoconfig
 0000:2B24       __settextcolor
 0000:2B35       __gettextcolor
 0000:2B3E       __setbkcolor
 0000:2B51       __getbkcolor
 0000:2B5E       __clearscreen
 0000:2BC0       __displaycursor
 0000:2BEB       __gettextcursor
 0000:2C01       __settextcursor
 0000:2C2C       __grstatus
 0000:2C31       $_SetRows
 0000:2C64       $_ChkRows
 0000:2CC2       $_FixMaxPage
 0000:2CF2       $_init_mode
 0000:2D53       B$NearRet
 0000:2D54       __QCGINIT
 0000:2E1A       $_qcg_enter
 0000:2E3B       $_qcg_exit
 0000:2EF2       $_home_cursor
 0000:2EFB       $_text_set_cursor
 0000:2F1A       $_set_color
 0000:2F3E       $_set_bk_color
 0000:2FD1       $_set_text_color
 0000:3034       $_select_palette
 0000:30DF       $_limit
 0000:30F7       $_update_text_cursor
 0000:3117       $_unmap_cursor
 0000:313C       $_map_cursor
 0000:3199       $_scroll
 0000:31AA       B$ScreenInit
 0000:339A       B$ChkVGA
 0000:33AA       B$ChkMonitor
 0000:33E6       B$SCNIO
 0000:33EF       B$GrScreenSize
 0000:33FA       B$GRMODE
 0000:3400       B$SELVPG
 0000:3406       B$SELAPG
 0000:342A       B$GETCSRDATA
 0000:346F       B$OVWCSR
 0000:3474       B$OFFCSR
 0000:3477       B$CSRDSP
 0000:34B6       B$ErrorReturn
 0000:34B8       B$InitModeData
 0000:34ED       B$MapVWC
 0000:355C       B$BumpDS
 0000:3566       B$BumpES
 0000:3570       B$DecDS
 0000:357A       B$OutWord
 0000:3581       B$ResetEGA
 0000:362A       B$Screen4
 0000:366F       B$ChkOlivetti
 0000:36DA       B$FastOutStr
 0000:3760       B$VWFILL
 0000:377E       B$DOBOXF
 0000:3824       B$CLIPCK
 0000:387E       B$XDELT
 0000:3889       B$YDELT
 0000:3962       B$Mode0
 0000:3972       B$Mode1
 0000:3977       B$Mode2
 0000:397F       B$Mode3
 0000:3984       B$Mode7
 0000:3993       $_FixTextPage
 0000:3B3C       B$Mode5
 0000:3B41       B$Mode4
 0000:3B7B       B$Screen2
 0000:3F10       B$Screen7
 0000:3F15       B$Screen8
 0000:3F21       B$Screen9
 0000:3F50       B$Screen10
 0000:44F5       b$VgaPalette
 0000:47F5       B$Screen11
 0000:481A       B$Screen12
 0000:4833       B$Screen13
 0000:487C       B$VgaPalReset
 0000:48BF       B$VgaPalPut
 0000:48E4       B$VgaPalTrans11
 0000:4BCE       b$Mode2Palette
 0000:4BD0       b$Mode2VgaPal
 0000:4BD6       B$CgaSetAttr
 0000:4BE1       B$CgaSetPages
 0000:4BEB       B$MapXYC2
 0000:4C01       B$MapXYC2_4
 0000:4C21       B$CgaReadC
 0000:4C3C       B$CgaSetC
 0000:4C4D       B$CgaSetPixC
 0000:4C63       B$CgaSetPixFirstC
 0000:4C67       B$CgaSetPixLastC
 0000:4C7C       B$CgaPutAction
 0000:4CB1       B$CgaNReadL
 0000:4CD7       B$CgaNWriteL
 0000:4D39       B$CgaNSetC
 0000:4DF7       B$CgaSetTile
 0000:4E54       B$CgaScanL
 0000:4EE8       B$CgaScanR
 0000:5002       B$CgaLineX
 0000:5097       B$CgaLineY
 0000:50EB       B$CgaLineV
 0000:5142       B$CgaLeftC2
 0000:5146       B$CgaLeftC1
 0000:5153       B$CgaChkUpC
 0000:516A       B$CgaUpC
 0000:517C       B$CgaChkDownC
 0000:5193       B$CgaDownC
 0000:51A5       B$CgaPaintBound
 0000:5232       B$Screen3
 0000:530B       B$VWINI
 0000:5327       B$VEWINI
 0000:5354       B$VWMAPC
 0000:537D       B$GRPRST
 0000:5390       $_EnsScrSwap
 0000:539E       B$EgaMapXYC_D
 0000:53A8       B$EgaMapXYC
 0000:53D2       B$EgaLeftC
 0000:53D9       B$EgaLeftC_13
 0000:53DE       B$EgaChkUpC
 0000:53E9       B$EgaUpC
 0000:53F2       B$EgaChkDownC
 0000:53FD       B$EgaDownC
 0000:5406       B$EgaSetAttr
 0000:5416       B$EgaReadC
 0000:544A       B$EgaReadC_F
 0000:5455       B$EgaReadC_64K
 0000:5466       B$EgaSetC
 0000:5492       B$EgaSetPixC
 0000:54A6       B$EgaSetPixFirstC
 0000:54BA       B$EgaLineX
 0000:54F9       B$EgaLineY
 0000:5522       B$EgaLineV
 0000:5544       B$EgaPutAction_64K
 0000:5547       B$EgaPutAction_F
 0000:554A       B$EgaPutAction
 0000:5570       B$EgaNReadL_F
 0000:5572       B$EgaNReadL
 0000:55A2       B$EgaNWriteL_F
 0000:55A7       B$EgaNWriteL
 0000:563D       B$EgaNSetC
 0000:56D6       B$EgaPaintBound_11
 0000:56E4       B$EgaPaintBound_D
 0000:56F3       B$EgaPaintBound
 0000:5766       B$EgaSetTile
 0000:5788       B$EgaScanInit
 0000:57AA       B$EgaPAINPX
 0000:58B4       B$EgaPIXCNT
 0000:58BF       B$EgaSETCMP
 0000:58D7       B$EgaCHKBTR
 0000:58F1       B$EgaCHKBTL
 0000:593F       B$EgaTILRGT
 0000:59DB       B$EgaTILLFT
 0000:5AF4       B$EgaScanL
 0000:5BAA       B$EgaScanR
 0000:5C5A       b$ColorPalette
 0000:5C6A       b$EnhPalette
 0000:5C80       B$EgaPalReset
 0000:5C87       B$EgaPalResetB
 0000:5CB7       B$EgaPalPut
 0000:5CBE       B$EgaPalPutB
 0000:5CEC       B$EgaPalTrans
 0000:5D47       B$EgaPalSet
 0000:5D90       __EmDataSeg
 05DA:0042       __anullsize
 05DA:0132       _clPause
 05DA:0136       _aszMenu
 05DA:0160       _cszMenu
 05DA:0190       b$ScreenX
 05DA:01CC       $_new_height
 05DA:01DC       b$UsrCsrTyp
 05DA:01DE       b$OrgCsrTyp
 05DA:01E0       b$OrgBiosMode
 05DA:01E2       b$orglen
 05DA:01E4       b$CSRTYP
 05DA:01E6       b$CurPages
 05DA:01E6       b$ActPage
 05DA:01E7       b$VisPage
 05DA:01E8       b$ModeData
 05DA:01E8       b$ScreenMode
 05DA:01E9       b$BiosMode
 05DA:01E9       b$ModeBurst
 05DA:01EA       b$Burst
 05DA:01EB       b$ScrWidth
 05DA:01EC       b$ScrHeight
 05DA:01ED       b$HorzRes
 05DA:01EF       b$VertRes
 05DA:01F1       b$VideoBase
 05DA:01F3       b$MaxAttr
 05DA:01F4       b$MaxColor
 05DA:01F5       b$PageSize
 05DA:01F6       b$CurrPSize
 05DA:01F8       b$MaxPage
 05DA:01F9       b$FBColors
 05DA:01F9       b$ForeColor
 05DA:01FA       b$EgaWrMd
 05DA:01FB       b$InitPalette
 05DA:01FF       b$InitVgaPal
 05DA:0203       b$SetMode
 05DA:0205       b$SetPages
 05DA:0207       b$PalReset
 05DA:0209       b$PalPut
 05DA:020B       b$PalTrans
 05DA:020D       b$PalSet
 05DA:020F       b$BitsPerPixel
 05DA:0210       b$Planes
 05DA:0211       b$BytesPerRow
 05DA:0213       b$MaskLeft
 05DA:0214       b$MaskRight
 05DA:0215       b$PixelsPerByte
 05DA:0217       b$DivShift
 05DA:0218       b$ModMask
 05DA:021A       b$Aspect
 05DA:021C       b$AspectInv
 05DA:021E       b$MapXYC
 05DA:0220       b$LeftC
 05DA:0222       b$ChkUpC
 05DA:0224       b$UpC
 05DA:0226       b$ChkDownC
 05DA:0228       b$DownC
 05DA:022A       b$SetAttr
 05DA:022C       b$ReadC
 05DA:022E       b$SetC
 05DA:0230       b$SetPixC
 05DA:0232       b$SetPixFirstC
 05DA:0234       b$SetPixLastC
 05DA:0236       b$LineX
 05DA:0238       b$LineY
 05DA:023A       b$LineV
 05DA:023C       b$PutAction
 05DA:023E       b$NReadL
 05DA:0240       b$NWriteL
 05DA:0242       b$NSetC
 05DA:0244       b$PaintBound
 05DA:0246       b$SetTile
 05DA:0248       b$ScanL
 05DA:024A       b$ScanR
 05DA:024C       b$PutVector
 05DA:024E       $_cursor_enabled
 05DA:0250       __atopsp
 05DA:0252       __aexit_rtn
 05DA:0254       __asizds
 05DA:0256       __nheap_desc
 05DA:026A       __aseghi
 05DA:026C       __aseglo
 05DA:026E       __acfinfo
 05DA:027C       __aintdiv
 05DA:0280       __fac
 05DA:028A       _errno
 05DA:028C       __umaskval
 05DA:028E       __pspadr
 05DA:0290       __psp
 05DA:0292       __dosvermajor
 05DA:0292       __osversion
 05DA:0292       __osmajor
 05DA:0293       __dosverminor
 05DA:0293       __osminor
 05DA:0294       __osmode
 05DA:0295       __oserr
 05DA:0295       __doserrno
 05DA:0297       __nfile
 05DA:0299       __osfile
 05DA:02AD       ___argc
 05DA:02AF       ___argv
 05DA:02B1       _environ
 05DA:02B3       __pgmptr
 05DA:02B8       __child
 05DA:02BA       __ovlflag
 05DA:02BB       __intno
 05DA:02BC       __ovlvec
 05DA:02C0       __aaltstkovr
 05DA:02C2       STKHQQ
 05DA:02C4       __chbuf
 05DA:02D4       __adbgmsg
 05DA:033A       __ctype_
 05DA:033A       __ctype
 05DA:043C       __citime
 05DA:043E       __iob
 05DA:04DE       __iob2
 05DA:057E       __lastiob
 05DA:0580       __cfltcvt_tab
 05DA:058C       __sigintseg
 05DA:058E       __sigintoff
 05DA:0590       __asizeC
 05DA:0591       __asizeD
 05DA:0592       __lpdays
 05DA:05AC       __days
 05DA:05D2       _timezone
 05DA:05D6       _daylight
 05DA:05D8       _tzname
 05DA:05DC       ___dnames
 05DA:05F2       ___mnames
 05DA:062C       __cflush
 05DA:062E       __amblksiz
 05DA:0638       ___aDBswpflg
 05DA:063A       ___aDBswpchk
 05DA:063C       ___aDBrterr
 05DA:063E       ___aDBexit
 05DA:0644       ___aDBptrchk
 05DA:0646       ___qczrinit
 05DA:064A       __fpinit
 05DA:065A       b$FP_1
 05DA:065E       b$FP_256
 05DA:0744       _edata
 05DA:0746       _qcg_status
 05DA:0747       $_arc_info_fValid
 05DA:074E       b$VGAmodesH
 05DA:074F       b$WriteMode
 05DA:0750       b$EgaPalSup
 05DA:0754       b$CgaInfo
 05DA:0755       b$Adapter
 05DA:0756       b$Monitor
 05DA:0757       b$VideoMem
 05DA:075A       b$MaskC
 05DA:075A       b$PenC
 05DA:075B       b$AttrC
 05DA:075C       b$OffC
 05DA:075C       b$AddrC
 05DA:075E       b$SegC
 05DA:0760       b$PaintBorder
 05DA:0761       b$Tiling
 05DA:0762       b$SaveCa
 05DA:0764       b$SaveCm
 05DA:0765       b$PlaneMask
 05DA:0766       b$Incr1
 05DA:0768       b$Incr2
 05DA:076A       b$IncrY
 05DA:076C       B$VTOFST
 05DA:076E       B$VBOFST
 05DA:0770       B$VLOFST
 05DA:0772       B$VROFST
 05DA:0774       B$VLMASK
 05DA:0775       B$VRMASK
 05DA:0776       B$LEOFST
 05DA:0778       B$REOFST
 05DA:077A       b$BorderColor
 05DA:0784       $_current_x
 05DA:0786       $_current_y
 05DA:0788       $_bkg_color
 05DA:078C       $_txt_fg_color
 05DA:078D       $_text_attrib
 05DA:078E       $_line_style_mask
 05DA:0790       $_fill_mask
 05DA:0798       $_fill_mask_p
 05DA:0799       $_BKG_MASK
 05DA:07A9       $LINE_DRAWN
 05DA:07AB       $_text_row
 05DA:07AD       $_text_column
 05DA:07AF       $_text_org_row
 05DA:07B1       $_text_org_col
 05DA:07B3       $_text_max_row
 05DA:07B5       $_text_max_col
 05DA:07B7       $_off_screen
 05DA:07B8       $_text_wrap_p
 05DA:07B9       $_cursor_on_screen
 05DA:07BA       $_old_mode
 05DA:07BC       b$Buf1
 05DA:083C       b$PageTable
 05DA:0852       b$UpSub
 05DA:0854       b$DnSub
 05DA:0856       b$UpDnAdd
 05DA:085E       B$VXSIZ
 05DA:0860       B$VYSIZ
 05DA:0862       B$VXMIN
 05DA:0864       B$VXMAX
 05DA:0866       B$VYMIN
 05DA:0868       B$VYMAX
 05DA:086A       B$VXOFF
 05DA:086C       B$VYOFF
 05DA:086E       B$VXDIF
 05DA:0870       B$VYDIF
 05DA:0872       B$GRPACX
 05DA:0874       B$GRPACY
 05DA:0876       B$GX_OLD
 05DA:0878       B$GY_OLD
 05DA:087A       B$GXPOS
 05DA:087C       B$GYPOS
 05DA:087E       B$GRFACX
 05DA:0882       B$GRFACY
 05DA:0886       B$LINSTL
 05DA:0888       B$CLINEF
 05DA:0889       b$ASPECTR
 05DA:088B       B$CENCNT
 05DA:088D       B$CNPNTS
 05DA:088F       B$CSTCNT
 05DA:0891       B$CPLOTF
 05DA:0892       B$COPTFL
 05DA:0894       B$TILFLG
 05DA:0895       B$TIPROG
 05DA:0896       B$TILNDX
 05DA:0897       B$TILLEN
 05DA:0898       B$TILLOC
 05DA:089A       B$TILHGT
 05DA:089B       B$TILPTR
 05DA:089C       B$GRPLAN
 05DA:089E       B$PQGET
 05DA:08A0       B$PQPUT
 05DA:08A2       B$PQNUM
 05DA:08A4       B$PQLEN
 05DA:08A6       B$WNDWSW
 05DA:08A7       B$WNDWSC
 05DA:08A8       B$VIEWSW
 05DA:08A9       B$VIEWSC
 05DA:08CA       b$EgaPalette
 05DA:08F0       _abarPerm
 05DA:0946       __bufin
 05DA:0B46       _fSound
 05DA:0B48       _clFinish
 05DA:0B4C       _abarWork
 05DA:0BA2       _cRow
 05DA:0BA4       _iSwaps
 05DA:0BA6       _clStart
 05DA:0BAA       _iCompares
 05DA:0BAC       _iCurChoice
 05DA:0BB0       _end
 0000:9876  Abs  __acrtmsg
 0000:9876  Abs  __acrtused
 0000:D6D6  Abs  __aDBdoswp

Program entry point at 0000:0F9A
