
 Start  Stop   Length Name               Class

 00000H 01D16H 01D17H _TEXT              CODE
 01D20H 01D20H 00000H _FARDATA           FAR_DATA
 01D20H 01D25H 00006H _INIT_             INITDATA
 01D26H 01D26H 00000H _INITEND_          INITDATA
 01D26H 01D26H 00000H _EXIT_             EXITDATA
 01D26H 01D26H 00000H _EXITEND_          EXITDATA
 01D30H 021CBH 0049CH _DATA              DATA
 021CCH 021CDH 00002H _CVTSEG            DATA
 021CEH 021D3H 00006H _SCNSEG            DATA
 021D4H 02217H 00044H _BSS               BSS
 02218H 02218H 00000H _BSSEND            ENDBSS


Detailed map of segments

 0000:0000 0311 C=CODE   S=_TEXT          G=DGROUP  M=C0.ASM     ACBP=28
 0000:0311 0044 C=CODE   S=_TEXT          G=DGROUP  M=TESTLONG.C ACBP=28
 0000:0355 0024 C=CODE   S=_TEXT          G=DGROUP  M=ATEXIT     ACBP=28
 0000:0379 0000 C=CODE   S=_TEXT          G=DGROUP  M=CTYPE      ACBP=28
 0000:0379 0024 C=CODE   S=_TEXT          G=DGROUP  M=EXIT       ACBP=28
 0000:039D 0082 C=CODE   S=_TEXT          G=DGROUP  M=FFLUSH     ACBP=28
 0000:041F 0000 C=CODE   S=_TEXT          G=DGROUP  M=FILES      ACBP=28
 0000:041F 0000 C=CODE   S=_TEXT          G=DGROUP  M=FILES2     ACBP=28
 0000:041F 0036 C=CODE   S=_TEXT          G=DGROUP  M=FLUSHALL   ACBP=28
 0000:0455 0109 C=CODE   S=_TEXT          G=DGROUP  M=FSEEK      ACBP=28
 0000:055E 0000 C=CODE   S=_TEXT          G=DGROUP  M=HEAPLEN    ACBP=28
 0000:055E 0017 C=CODE   S=_TEXT          G=DGROUP  M=PRINTF     ACBP=28
 0000:0575 025D C=CODE   S=_TEXT          G=DGROUP  M=PUTC       ACBP=28
 0000:07D2 001E C=CODE   S=_TEXT          G=DGROUP  M=SCANF      ACBP=28
 0000:07F0 0069 C=CODE   S=_TEXT          G=DGROUP  M=SETUPIO    ACBP=28
 0000:0859 00CC C=CODE   S=_TEXT          G=DGROUP  M=SETVBUF    ACBP=28
 0000:0925 0000 C=CODE   S=_TEXT          G=DGROUP  M=STKLEN     ACBP=28
 0000:0925 0018 C=CODE   S=_TEXT          G=DGROUP  M=TELL       ACBP=28
 0000:093D 00F3 C=CODE   S=_TEXT          G=DGROUP  M=WRITE      ACBP=28
 0000:0A30 0021 C=CODE   S=_TEXT          G=DGROUP  M=XFFLUSH    ACBP=28
 0000:0A51 006F C=CODE   S=_TEXT          G=DGROUP  M=BRK        ACBP=28
 0000:0AC0 0068 C=CODE   S=_TEXT          G=DGROUP  M=EOF        ACBP=28
 0000:0B28 0145 C=CODE   S=_TEXT          G=DGROUP  M=GETC       ACBP=28
 0000:0C6D 003D C=CODE   S=_TEXT          G=DGROUP  M=IOERROR    ACBP=28
 0000:0CAA 0011 C=CODE   S=_TEXT          G=DGROUP  M=ISATTY     ACBP=28
 0000:0CBB 0029 C=CODE   S=_TEXT          G=DGROUP  M=LSEEK      ACBP=28
 0000:0CE4 00E3 C=CODE   S=_TEXT          G=DGROUP  M=LTOA       ACBP=28
 0000:0DC7 0021 C=CODE   S=_TEXT          G=DGROUP  M=MEMCPY     ACBP=28
 0000:0DE8 00B5 C=CODE   S=_TEXT          G=DGROUP  M=READ       ACBP=28
 0000:0E9D 001A C=CODE   S=_TEXT          G=DGROUP  M=READA      ACBP=28
 0000:0EB7 0493 C=CODE   S=_TEXT          G=DGROUP  M=SCANNER    ACBP=28
 0000:134A 01AA C=CODE   S=_TEXT          G=DGROUP  M=SCANTOL    ACBP=28
 0000:14F4 0049 C=CODE   S=_TEXT          G=DGROUP  M=UNGETC     ACBP=28
 0000:153D 04DF C=CODE   S=_TEXT          G=DGROUP  M=VPRINTER   ACBP=28
 0000:1A1C 0047 C=CODE   S=_TEXT          G=DGROUP  M=WRITEA     ACBP=28
 0000:1A63 001F C=CODE   S=_TEXT          G=DGROUP  M=CVTFAK     ACBP=28
 0000:1A90 0277 C=CODE   S=_TEXT          G=DGROUP  M=NEARHEAP   ACBP=68
 0000:1D07 0004 C=CODE   S=_TEXT          G=DGROUP  M=REALCVT    ACBP=28
 0000:1D0B 000C C=CODE   S=_TEXT          G=DGROUP  M=SCANTOD    ACBP=28
 0000:1D20 0000 C=FAR_DATA S=_FARDATA       G=DGROUP  M=C0.ASM     ACBP=68
 0000:1D20 0000 C=INITDATA S=_INIT_         G=DGROUP  M=C0.ASM     ACBP=48
 0000:1D20 0006 C=INITDATA S=_INIT_         G=DGROUP  M=SETUPIO    ACBP=48
 0000:1D26 0000 C=INITDATA S=_INITEND_      G=DGROUP  M=C0.ASM     ACBP=28
 0000:1D26 0000 C=EXITDATA S=_EXIT_         G=DGROUP  M=C0.ASM     ACBP=48
 0000:1D26 0000 C=EXITDATA S=_EXITEND_      G=DGROUP  M=C0.ASM     ACBP=28
 0000:1D30 008F C=DATA   S=_DATA          G=DGROUP  M=C0.ASM     ACBP=68
 0000:1DC0 0014 C=DATA   S=_DATA          G=DGROUP  M=TESTLONG.C ACBP=48
 0000:1DD4 0002 C=DATA   S=_DATA          G=DGROUP  M=ATEXIT     ACBP=48
 0000:1DD6 0101 C=DATA   S=_DATA          G=DGROUP  M=CTYPE      ACBP=48
 0000:1ED8 0006 C=DATA   S=_DATA          G=DGROUP  M=EXIT       ACBP=48
 0000:1EDE 0000 C=DATA   S=_DATA          G=DGROUP  M=FFLUSH     ACBP=48
 0000:1EDE 0140 C=DATA   S=_DATA          G=DGROUP  M=FILES      ACBP=48
 0000:201E 0028 C=DATA   S=_DATA          G=DGROUP  M=FILES2     ACBP=48
 0000:2046 0000 C=DATA   S=_DATA          G=DGROUP  M=FLUSHALL   ACBP=48
 0000:2046 0000 C=DATA   S=_DATA          G=DGROUP  M=FSEEK      ACBP=48
 0000:2046 0002 C=DATA   S=_DATA          G=DGROUP  M=HEAPLEN    ACBP=48
 0000:2048 0000 C=DATA   S=_DATA          G=DGROUP  M=PRINTF     ACBP=48
 0000:2048 0001 C=DATA   S=_DATA          G=DGROUP  M=PUTC       ACBP=48
 0000:204A 0000 C=DATA   S=_DATA          G=DGROUP  M=SCANF      ACBP=48
 0000:204A 0000 C=DATA   S=_DATA          G=DGROUP  M=SETUPIO    ACBP=48
 0000:204A 0004 C=DATA   S=_DATA          G=DGROUP  M=SETVBUF    ACBP=48
 0000:204E 0002 C=DATA   S=_DATA          G=DGROUP  M=STKLEN     ACBP=48
 0000:2050 0000 C=DATA   S=_DATA          G=DGROUP  M=TELL       ACBP=48
 0000:2050 0000 C=DATA   S=_DATA          G=DGROUP  M=WRITE      ACBP=48
 0000:2050 0000 C=DATA   S=_DATA          G=DGROUP  M=XFFLUSH    ACBP=48
 0000:2050 0000 C=DATA   S=_DATA          G=DGROUP  M=BRK        ACBP=48
 0000:2050 0000 C=DATA   S=_DATA          G=DGROUP  M=EOF        ACBP=48
 0000:2050 0000 C=DATA   S=_DATA          G=DGROUP  M=GETC       ACBP=48
 0000:2050 005B C=DATA   S=_DATA          G=DGROUP  M=IOERROR    ACBP=48
 0000:20AC 0000 C=DATA   S=_DATA          G=DGROUP  M=ISATTY     ACBP=48
 0000:20AC 0000 C=DATA   S=_DATA          G=DGROUP  M=LSEEK      ACBP=48
 0000:20AC 0000 C=DATA   S=_DATA          G=DGROUP  M=LTOA       ACBP=48
 0000:20AC 0000 C=DATA   S=_DATA          G=DGROUP  M=MEMCPY     ACBP=48
 0000:20AC 0000 C=DATA   S=_DATA          G=DGROUP  M=READ       ACBP=48
 0000:20AC 0000 C=DATA   S=_DATA          G=DGROUP  M=READA      ACBP=48
 0000:20AC 0080 C=DATA   S=_DATA          G=DGROUP  M=SCANNER    ACBP=48
 0000:212C 0000 C=DATA   S=_DATA          G=DGROUP  M=SCANTOL    ACBP=48
 0000:212C 0000 C=DATA   S=_DATA          G=DGROUP  M=UNGETC     ACBP=48
 0000:212C 0067 C=DATA   S=_DATA          G=DGROUP  M=VPRINTER   ACBP=48
 0000:2194 0000 C=DATA   S=_DATA          G=DGROUP  M=WRITEA     ACBP=48
 0000:2194 0031 C=DATA   S=_DATA          G=DGROUP  M=CVTFAK     ACBP=48
 0000:21C6 0006 C=DATA   S=_DATA          G=DGROUP  M=NEARHEAP   ACBP=48
 0000:21CC 0000 C=DATA   S=_CVTSEG        G=DGROUP  M=C0.ASM     ACBP=48
 0000:21CC 0002 C=DATA   S=_CVTSEG        G=DGROUP  M=CVTFAK     ACBP=48
 0000:21CE 0000 C=DATA   S=_CVTSEG        G=DGROUP  M=REALCVT    ACBP=48
 0000:21CE 0000 C=DATA   S=_SCNSEG        G=DGROUP  M=C0.ASM     ACBP=48
 0000:21CE 0006 C=DATA   S=_SCNSEG        G=DGROUP  M=CVTFAK     ACBP=48
 0000:21D4 0000 C=DATA   S=_SCNSEG        G=DGROUP  M=SCANTOD    ACBP=48
 0000:21D4 0000 C=BSS    S=_BSS           G=DGROUP  M=C0.ASM     ACBP=48
 0000:21D4 0000 C=BSS    S=_BSS           G=DGROUP  M=TESTLONG.C ACBP=48
 0000:21D4 0040 C=BSS    S=_BSS           G=DGROUP  M=ATEXIT     ACBP=48
 0000:2214 0001 C=BSS    S=_BSS           G=DGROUP  M=PUTC       ACBP=48
 0000:2216 0000 C=BSS    S=_BSS           G=DGROUP  M=SETUPIO    ACBP=48
 0000:2216 0000 C=BSS    S=_BSS           G=DGROUP  M=BRK        ACBP=48
 0000:2216 0000 C=BSS    S=_BSS           G=DGROUP  M=EOF        ACBP=48
 0000:2216 0001 C=BSS    S=_BSS           G=DGROUP  M=GETC       ACBP=48
 0000:2218 0000 C=BSS    S=_BSS           G=DGROUP  M=IOERROR    ACBP=48
 0000:2218 0000 C=BSS    S=_BSS           G=DGROUP  M=ISATTY     ACBP=48
 0000:2218 0000 C=BSS    S=_BSS           G=DGROUP  M=LSEEK      ACBP=48
 0000:2218 0000 C=BSS    S=_BSS           G=DGROUP  M=LTOA       ACBP=48
 0000:2218 0000 C=BSS    S=_BSS           G=DGROUP  M=MEMCPY     ACBP=48
 0000:2218 0000 C=BSS    S=_BSS           G=DGROUP  M=READ       ACBP=48
 0000:2218 0000 C=BSS    S=_BSS           G=DGROUP  M=READA      ACBP=48
 0000:2218 0000 C=BSS    S=_BSS           G=DGROUP  M=SCANNER    ACBP=48
 0000:2218 0000 C=BSS    S=_BSS           G=DGROUP  M=SCANTOL    ACBP=48
 0000:2218 0000 C=BSS    S=_BSS           G=DGROUP  M=UNGETC     ACBP=48
 0000:2218 0000 C=BSS    S=_BSS           G=DGROUP  M=VPRINTER   ACBP=48
 0000:2218 0000 C=BSS    S=_BSS           G=DGROUP  M=WRITEA     ACBP=48
 0000:2218 0000 C=ENDBSS S=_BSSEND        G=DGROUP  M=C0.ASM     ACBP=28

  Address         Publics by Name

 0000:1D30 idle  DATASEG@
 0000:030D idle  DGROUP@
 0000:02F8       _ABORT
 0000:0355 idle  _ATEXIT
 0000:0AA4 idle  _BRK
 0000:0AC0       _EOF
 0000:1DA9       _ERRNO
 0000:037A       _EXIT
 0000:039D       _FFLUSH
 0000:0BBA idle  _FGETC
 0000:0C64 idle  _FGETCHAR
 0000:041F       _FLUSHALL
 0000:058F idle  _FPUTC
 0000:068C idle  _FPUTCHAR
 0000:1A90       _FREE
 0000:04BB       _FSEEK
 0000:051D idle  _FTELL
 0000:0CAA       _ISATTY
 0000:0D61 idle  _ITOA
 0000:0CBB       _LSEEK
 0000:0DA2 idle  _LTOA
 0000:0311       _MAIN
 0000:1B5F       _MALLOC
 0000:0DC7       _MEMCPY
 0000:055E       _PRINTF
 0000:0DE8       _READ
 0000:1CB6 idle  _REALLOC
 0000:0AB0 idle  _SBRK
 0000:07D2       _SCANF
 0000:0859       _SETVBUF
 0000:0925       _TELL
 0000:0D88 idle  _ULTOA
 0000:14F4 idle  _UNGETC
 0000:093D       _WRITE
 0000:1000 idle  __AHINCR
 0000:000C idle  __AHSHIFT
 0000:1DD4       __ATEXITCNT
 0000:21D4       __ATEXITTBL
 0000:1DB7 idle  __BRKLVL
 0000:1D99 idle  __C0ARGC
 0000:1D9B idle  __C0ARGV
 0000:1D9D idle  __C0ENVIRON
 0000:1DD6       __CTYPE
 0000:0000  Abs  __CVTFAK
 0000:2050 idle  __DOSERRNO
 0000:2052 idle  __DOSERRORTOSV
 0000:1D9F idle  __ENVLNG
 0000:1DA1 idle  __ENVSEG
 0000:1DA3 idle  __ENVSIZE
 0000:0223 idle  __EXIT
 0000:1ED8       __EXITBUF
 0000:0209       __EXITCLEAN
 0000:1EDA       __EXITFOPEN
 0000:1EDC       __EXITOPEN
 0000:0BA6 idle  __FGETC
 0000:21C6 idle  __FIRST
 0000:0575 idle  __FPUTC
 0000:06A0       __FPUTN
 0000:1DB3 idle  __HEAPBASE
 0000:2046       __HEAPLEN
 0000:1DBB idle  __HEAPTOP
 0000:1D89 idle  __INT0VECTOR
 0000:1D8D idle  __INT4VECTOR
 0000:1D91 idle  __INT5VECTOR
 0000:1D95 idle  __INT6VECTOR
 0000:0C6D       __IOERROR
 0000:21C8 idle  __LAST
 0000:0CE4       __LONGTOA
 0000:030F idle  __MMODEL
 0000:0BBA       __NFGETC
 0000:14F4       __NUNGETC
 0000:201E       __OPENFD
 0000:1DA7 idle  __OSMAJOR
 0000:1DA8 idle  __OSMINOR
 0000:1DA5 idle  __PSP
 0000:0E9D       __READ
 0000:1D07       __REALCVT
 0000:21CC       __REALCVTVECTOR
 0000:0280 idle  __RESTOREZERO
 0000:21CA idle  __ROVER
 0000:0EB7       __SCANNER
 0000:1D13       __SCANPOP
 0000:1D0F       __SCANRSLT
 0000:1D0B       __SCANTOD
 0000:21CE       __SCANTODVECTOR
 0000:1375       __SCANTOL
 0000:07F0       __SETUPIO
 0000:1DAB idle  __STARTTIME
 0000:204E       __STKLEN
 0000:1EDE       __STREAMS
 0000:1DA7 idle  __VERSION
 0000:1555       __VPRINTER
 0000:1A1C       __WRITE
 0000:0A30       __XFFLUSH
 0000:0A51       ___BRK
 0000:1DB1       ___BRKLVL
 0000:1DAF idle  ___HEAPBASE
 0000:0A73       ___SBRK

  Address         Publics by Value

 0000:0000  Abs  __CVTFAK
 0000:000C idle  __AHSHIFT
 0000:1000 idle  __AHINCR
 0000:0209       __EXITCLEAN
 0000:0223 idle  __EXIT
 0000:0280 idle  __RESTOREZERO
 0000:02F8       _ABORT
 0000:030D idle  DGROUP@
 0000:030F idle  __MMODEL
 0000:0311       _MAIN
 0000:0355 idle  _ATEXIT
 0000:037A       _EXIT
 0000:039D       _FFLUSH
 0000:041F       _FLUSHALL
 0000:04BB       _FSEEK
 0000:051D idle  _FTELL
 0000:055E       _PRINTF
 0000:0575 idle  __FPUTC
 0000:058F idle  _FPUTC
 0000:068C idle  _FPUTCHAR
 0000:06A0       __FPUTN
 0000:07D2       _SCANF
 0000:07F0       __SETUPIO
 0000:0859       _SETVBUF
 0000:0925       _TELL
 0000:093D       _WRITE
 0000:0A30       __XFFLUSH
 0000:0A51       ___BRK
 0000:0A73       ___SBRK
 0000:0AA4 idle  _BRK
 0000:0AB0 idle  _SBRK
 0000:0AC0       _EOF
 0000:0BA6 idle  __FGETC
 0000:0BBA       __NFGETC
 0000:0BBA idle  _FGETC
 0000:0C64 idle  _FGETCHAR
 0000:0C6D       __IOERROR
 0000:0CAA       _ISATTY
 0000:0CBB       _LSEEK
 0000:0CE4       __LONGTOA
 0000:0D61 idle  _ITOA
 0000:0D88 idle  _ULTOA
 0000:0DA2 idle  _LTOA
 0000:0DC7       _MEMCPY
 0000:0DE8       _READ
 0000:0E9D       __READ
 0000:0EB7       __SCANNER
 0000:1375       __SCANTOL
 0000:14F4       __NUNGETC
 0000:14F4 idle  _UNGETC
 0000:1555       __VPRINTER
 0000:1A1C       __WRITE
 0000:1A90       _FREE
 0000:1B5F       _MALLOC
 0000:1CB6 idle  _REALLOC
 0000:1D07       __REALCVT
 0000:1D0B       __SCANTOD
 0000:1D0F       __SCANRSLT
 0000:1D13       __SCANPOP
 0000:1D30 idle  DATASEG@
 0000:1D89 idle  __INT0VECTOR
 0000:1D8D idle  __INT4VECTOR
 0000:1D91 idle  __INT5VECTOR
 0000:1D95 idle  __INT6VECTOR
 0000:1D99 idle  __C0ARGC
 0000:1D9B idle  __C0ARGV
 0000:1D9D idle  __C0ENVIRON
 0000:1D9F idle  __ENVLNG
 0000:1DA1 idle  __ENVSEG
 0000:1DA3 idle  __ENVSIZE
 0000:1DA5 idle  __PSP
 0000:1DA7 idle  __OSMAJOR
 0000:1DA7 idle  __VERSION
 0000:1DA8 idle  __OSMINOR
 0000:1DA9       _ERRNO
 0000:1DAB idle  __STARTTIME
 0000:1DAF idle  ___HEAPBASE
 0000:1DB1       ___BRKLVL
 0000:1DB3 idle  __HEAPBASE
 0000:1DB7 idle  __BRKLVL
 0000:1DBB idle  __HEAPTOP
 0000:1DD4       __ATEXITCNT
 0000:1DD6       __CTYPE
 0000:1ED8       __EXITBUF
 0000:1EDA       __EXITFOPEN
 0000:1EDC       __EXITOPEN
 0000:1EDE       __STREAMS
 0000:201E       __OPENFD
 0000:2046       __HEAPLEN
 0000:204E       __STKLEN
 0000:2050 idle  __DOSERRNO
 0000:2052 idle  __DOSERRORTOSV
 0000:21C6 idle  __FIRST
 0000:21C8 idle  __LAST
 0000:21CA idle  __ROVER
 0000:21CC       __REALCVTVECTOR
 0000:21CE       __SCANTODVECTOR
 0000:21D4       __ATEXITTBL


