/* loading: /home/xor/vextest/cod/OUTPUT.COD */
/* recovering function... */
/* binary: /home/xor/vextest/cod/OUTPUT.COD */
/* arch: 86_16 */
/* entry: 0x1000 */
/* function: 0x1000 _hexdump */
/* decompiling... */
[dbg] function complexity for 0x1000 _hexdump: blocks=39, bytes=419
[dbg] decompile_function: addr=0x1000 name=_hexdump
[dbg] registered 2 direct callee stub(s) for 0x1000
[dbg] decompile_function: addr=0x1000 name=_hexdump
[dbg] function 0x1000 not normalized, normalizing...
[dbg] registered 2 direct callee stub(s) for 0x1000
[dbg] function complexity for 0x1000 _hexdump: blocks=8, bytes=98
[dbg] decompile_function: addr=0x1000 name=_hexdump
[dbg] registered 2 direct callee stub(s) for 0x1000
[dbg] build_project: path=/home/xor/vextest/cod/OUTPUT.COD suffix=.cod force_blob=True
[dbg] non-optimized fallback unavailable for 0x1000 _hexdump: shared-project slice: retry crashed: TimeoutError; fresh-project slice: retry crashed: KeyError: 99

/* Decompilation timeout: Timed out after 3s. */
/* Falling back to non-optimized disassembly. */

/* == lift break probe == */
no per-instruction lift failure detected in linear probe window

/* == asm fallback == */
0x1000: push bp
0x1001: mov bp, sp
0x1003: sub sp, 0xc
0x1006: push si
0x1007: mov word ptr [bp - 8], 0x10
0x100c: mov word ptr [bp - 0xa], 0x320
0x1011: mov word ptr [bp - 4], 0
0x1016: mov word ptr [bp - 6], 0
0x101b: cmp word ptr [bp + 0xc], 0
0x101f: je 0x1037
0x1021: push word ptr [bp + 0xa]
0x1024: push word ptr [bp + 6]
0x1027: push word ptr [bp + 4]
0x102a: push word ptr [bp + 8]
0x102d: mov ax, 0x7000
0x1030: push ax
0x1031: call 0xecf
0x1034: add sp, 0xa
0x1037: mov ax, word ptr [bp + 4]
0x103a: or ax, word ptr [bp + 6]
0x103d: je 0x104d
0x103f: cmp word ptr [bp + 8], 0
0x1043: je 0x104d
0x1045: mov ax, word ptr [bp + 8]
0x1048: cmp word ptr [bp + 0xa], ax
0x104b: jb 0x105a
0x104d: mov ax, 0x7002
0x1050: push ax
0x1051: call 0xecf
0x1054: add sp, 2
0x1057: jmp 0x116d
[dbg] Decompiler returned for 0x1000
[dbg] decompilation time for 0x1000 _hexdump: 21.93s
